Archive member included because of file (symbol)

d:/program files/winavr/bin/../lib/gcc/avr/4.3.3/avr5\libgcc.a(_mulsi3.o)
                              mmc_sd.o (__mulsi3)
d:/program files/winavr/bin/../lib/gcc/avr/4.3.3/avr5\libgcc.a(_exit.o)
                              d:/program files/winavr/bin/../lib/gcc/avr/4.3.3/../../../../avr/lib/avr5/crtm32.o (exit)
d:/program files/winavr/bin/../lib/gcc/avr/4.3.3/avr5\libgcc.a(_copy_data.o)
                              ov7670.o (__do_copy_data)
d:/program files/winavr/bin/../lib/gcc/avr/4.3.3/avr5\libgcc.a(_clear_bss.o)
                              int.o (__do_clear_bss)
d:/program files/winavr/bin/../lib/gcc/avr/4.3.3/../../../../avr/lib/avr5\libc.a(malloc.o)
                              main.o (malloc)
d:/program files/winavr/bin/../lib/gcc/avr/4.3.3/../../../../avr/lib/avr5\libc.a(eerd_byte_atmega32.o)
                              FAT.o (__eerd_byte_m32)
d:/program files/winavr/bin/../lib/gcc/avr/4.3.3/../../../../avr/lib/avr5\libc.a(eewr_byte_atmega32.o)
                              FAT.o (__eewr_byte_m32)

Allocating common symbols
Common symbol       size              file

FirstDirSector      0x4               FAT.o
RootDirCount        0x4               FAT.o
SectorsPerClust     0x2               FAT.o
FirstDataSector     0x4               FAT.o
__brkval            0x2               d:/program files/winavr/bin/../lib/gcc/avr/4.3.3/../../../../avr/lib/avr5\libc.a(malloc.o)
FirstFATSector      0x4               FAT.o
FileInfo            0xf               FAT.o
FAT32_Enable        0x1               FAT.o
FATsectors          0x2               FAT.o
RootDirSectors      0x4               FAT.o
BytesPerSector      0x2               FAT.o
__flp               0x2               d:/program files/winavr/bin/../lib/gcc/avr/4.3.3/../../../../avr/lib/avr5\libc.a(malloc.o)
FirstDirClust       0x4               FAT.o

Memory Configuration

Name             Origin             Length             Attributes
text             0x00000000         0x00020000         xr
data             0x00800060         0x0000ffa0         rw !x
eeprom           0x00810000         0x00010000         rw !x
fuse             0x00820000         0x00000400         rw !x
lock             0x00830000         0x00000400         rw !x
signature        0x00840000         0x00000400         rw !x
*default*        0x00000000         0xffffffff

Linker script and memory map

LOAD d:/program files/winavr/bin/../lib/gcc/avr/4.3.3/../../../../avr/lib/avr5/crtm32.o
LOAD SCCB.o
LOAD ov7670.o
LOAD int.o
LOAD main.o
LOAD mmc_sd.o
LOAD FAT.o
LOAD lcd.o
LOAD d:/program files/winavr/bin/../lib/gcc/avr/4.3.3/../../../../avr/lib/avr5\libm.a
LOAD d:/program files/winavr/bin/../lib/gcc/avr/4.3.3/avr5\libgcc.a
LOAD d:/program files/winavr/bin/../lib/gcc/avr/4.3.3/../../../../avr/lib/avr5\libc.a
LOAD d:/program files/winavr/bin/../lib/gcc/avr/4.3.3/avr5\libgcc.a

.hash
 *(.hash)

.dynsym
 *(.dynsym)

.dynstr
 *(.dynstr)

.gnu.version
 *(.gnu.version)

.gnu.version_d
 *(.gnu.version_d)

.gnu.version_r
 *(.gnu.version_r)

.rel.init
 *(.rel.init)

.rela.init
 *(.rela.init)

.rel.text
 *(.rel.text)
 *(.rel.text.*)
 *(.rel.gnu.linkonce.t*)

.rela.text
 *(.rela.text)
 *(.rela.text.*)
 *(.rela.gnu.linkonce.t*)

.rel.fini
 *(.rel.fini)

.rela.fini
 *(.rela.fini)

.rel.rodata
 *(.rel.rodata)
 *(.rel.rodata.*)
 *(.rel.gnu.linkonce.r*)

.rela.rodata
 *(.rela.rodata)
 *(.rela.rodata.*)
 *(.rela.gnu.linkonce.r*)

.rel.data
 *(.rel.data)
 *(.rel.data.*)
 *(.rel.gnu.linkonce.d*)

.rela.data
 *(.rela.data)
 *(.rela.data.*)
 *(.rela.gnu.linkonce.d*)

.rel.ctors
 *(.rel.ctors)

.rela.ctors
 *(.rela.ctors)

.rel.dtors
 *(.rel.dtors)

.rela.dtors
 *(.rela.dtors)

.rel.got
 *(.rel.got)

.rela.got
 *(.rela.got)

.rel.bss
 *(.rel.bss)

.rela.bss
 *(.rela.bss)

.rel.plt
 *(.rel.plt)

.rela.plt
 *(.rela.plt)

.text           0x00000000     0x2866
 *(.vectors)
 .vectors       0x00000000       0x54 d:/program files/winavr/bin/../lib/gcc/avr/4.3.3/../../../../avr/lib/avr5/crtm32.o
                0x00000000                __vectors
                0x00000000                __vector_default
 *(.vectors)
 *(.progmem.gcc*)
 *(.progmem*)
 .progmem.data  0x00000054      0x160 ov7670.o
                0x00000054                change_reg
 .progmem.data  0x000001b4      0x5f0 lcd.o
                0x000001b4                english
                0x000007a4                . = ALIGN (0x2)
                0x000007a4                __trampolines_start = .
 *(.trampolines)
 .trampolines   0x000007a4        0x0 linker stubs
 *(.trampolines*)
                0x000007a4                __trampolines_end = .
 *(.jumptables)
 *(.jumptables*)
 *(.lowtext)
 *(.lowtext*)
                0x000007a4                __ctors_start = .
 *(.ctors)
                0x000007a4                __ctors_end = .
                0x000007a4                __dtors_start = .
 *(.dtors)
                0x000007a4                __dtors_end = .
 SORT(*)(.ctors)
 SORT(*)(.dtors)
 *(.init0)
 .init0         0x000007a4        0x0 d:/program files/winavr/bin/../lib/gcc/avr/4.3.3/../../../../avr/lib/avr5/crtm32.o
                0x000007a4                __init
 *(.init0)
 *(.init1)
 *(.init1)
 *(.init2)
 .init2         0x000007a4        0xc d:/program files/winavr/bin/../lib/gcc/avr/4.3.3/../../../../avr/lib/avr5/crtm32.o
 *(.init2)
 *(.init3)
 *(.init3)
 *(.init4)
 .init4         0x000007b0       0x16 d:/program files/winavr/bin/../lib/gcc/avr/4.3.3/avr5\libgcc.a(_copy_data.o)
                0x000007b0                __do_copy_data
 .init4         0x000007c6       0x10 d:/program files/winavr/bin/../lib/gcc/avr/4.3.3/avr5\libgcc.a(_clear_bss.o)
                0x000007c6                __do_clear_bss
 *(.init4)
 *(.init5)
 *(.init5)
 *(.init6)
 *(.init6)
 *(.init7)
 *(.init7)
 *(.init8)
 *(.init8)
 *(.init9)
 .init9         0x000007d6        0x8 d:/program files/winavr/bin/../lib/gcc/avr/4.3.3/../../../../avr/lib/avr5/crtm32.o
 *(.init9)
 *(.text)
 .text          0x000007de        0x4 d:/program files/winavr/bin/../lib/gcc/avr/4.3.3/../../../../avr/lib/avr5/crtm32.o
                0x000007de                __vector_12
                0x000007de                __bad_interrupt
                0x000007de                __vector_6
                0x000007de                __vector_3
                0x000007de                __vector_11
                0x000007de                __vector_13
                0x000007de                __vector_17
                0x000007de                __vector_19
                0x000007de                __vector_7
                0x000007de                __vector_5
                0x000007de                __vector_4
                0x000007de                __vector_9
                0x000007de                __vector_2
                0x000007de                __vector_15
                0x000007de                __vector_8
                0x000007de                __vector_14
                0x000007de                __vector_10
                0x000007de                __vector_16
                0x000007de                __vector_18
                0x000007de                __vector_20
 .text          0x000007e2      0x14e SCCB.o
                0x000008bc                noAck
                0x000007f0                SCCBreadByte
                0x000007e2                InitSCCB
                0x00000832                SCCBwriteByte
                0x000008e6                stopSCCB
                0x00000906                startSCCB
 .text          0x00000930      0x162 ov7670.o
                0x0000097e                OV7670_init
                0x00000a26                rdOV7670Reg
                0x00000930                wrOV7670Reg
 .text          0x00000a92       0xca int.o
                0x00000aa4                __vector_1
                0x00000a92                Init_INT0
 .text          0x00000b5c      0x476 main.o
                0x00000b5c                disp_image
                0x00000e96                main
 .text          0x00000fd2      0x3e0 mmc_sd.o
                0x0000126e                MMC_SD_ReadCapacity
                0x00001082                MMC_SD_Reset
                0x00001004                MMC_SD_SendCommand
                0x00000ffc                MMC_SD_Init
                0x0000119a                MMC_SD_WriteSingleBlock
                0x00000fd2                SPI_Low
                0x00000fda                SPI_High
                0x00000ff2                SPI_WriteByte
                0x00001100                MMC_SD_ReadSingleBlock
                0x00000fe2                SPI_Init
 .text          0x000013b2      0xb6c FAT.o
                0x000015bc                GetFolderCluster
                0x00001944                WriteFolderCluster
                0x0000141c                FAT_NextCluster
                0x00001630                Search
                0x0000199e                SearchFolder
                0x00001c26                SearchInit
                0x000013b2                FAT_LoadPartCluster
                0x00001d0a                FAT_Init
                0x0000152e                CopyDirentruyItem
 .text          0x00001f1e      0x6d2 lcd.o
                0x00001f64                LCD_Clear
                0x00001f4e                LCD_WR_REG
                0x000024b2                Test
                0x00001f22                LCD_WR_DATA16
                0x00002478                GUI_Point
                0x00002296                LCD_write_english
                0x00002306                LCD_SetCursor
                0x00001f1e                delay_us
                0x00001ff2                LCD_Init
                0x00001f20                delay_ms
                0x00002328                Lcd_SetBox
                0x00001f38                LCD_WR_REG16
                0x0000239c                LCD_write_SUM
                0x0000241c                LCD_write_english_string
 .text          0x000025f0        0x0 d:/program files/winavr/bin/../lib/gcc/avr/4.3.3/avr5\libgcc.a(_mulsi3.o)
 .text          0x000025f0        0x0 d:/program files/winavr/bin/../lib/gcc/avr/4.3.3/avr5\libgcc.a(_exit.o)
 .text          0x000025f0        0x0 d:/program files/winavr/bin/../lib/gcc/avr/4.3.3/avr5\libgcc.a(_copy_data.o)
 .text          0x000025f0        0x0 d:/program files/winavr/bin/../lib/gcc/avr/4.3.3/avr5\libgcc.a(_clear_bss.o)
 .text          0x000025f0        0x0 d:/program files/winavr/bin/../lib/gcc/avr/4.3.3/../../../../avr/lib/avr5\libc.a(malloc.o)
 .text          0x000025f0        0x0 d:/program files/winavr/bin/../lib/gcc/avr/4.3.3/../../../../avr/lib/avr5\libc.a(eerd_byte_atmega32.o)
 .text          0x000025f0        0x0 d:/program files/winavr/bin/../lib/gcc/avr/4.3.3/../../../../avr/lib/avr5\libc.a(eewr_byte_atmega32.o)
                0x000025f0                . = ALIGN (0x2)
 *(.text.*)
 .text.libgcc   0x000025f0       0x3e d:/program files/winavr/bin/../lib/gcc/avr/4.3.3/avr5\libgcc.a(_mulsi3.o)
                0x000025f0                __mulsi3
 .text.libgcc   0x0000262e        0x0 d:/program files/winavr/bin/../lib/gcc/avr/4.3.3/avr5\libgcc.a(_exit.o)
 .text.libgcc   0x0000262e        0x0 d:/program files/winavr/bin/../lib/gcc/avr/4.3.3/avr5\libgcc.a(_copy_data.o)
 .text.libgcc   0x0000262e        0x0 d:/program files/winavr/bin/../lib/gcc/avr/4.3.3/avr5\libgcc.a(_clear_bss.o)
 .text.avr-libc
                0x0000262e      0x20a d:/program files/winavr/bin/../lib/gcc/avr/4.3.3/../../../../avr/lib/avr5\libc.a(malloc.o)
                0x0000262e                malloc
                0x00002788                free
 .text.avr-libc
                0x00002838       0x10 d:/program files/winavr/bin/../lib/gcc/avr/4.3.3/../../../../avr/lib/avr5\libc.a(eerd_byte_atmega32.o)
                0x00002838                __eerd_byte_m32
 .text.avr-libc
                0x00002848       0x1a d:/program files/winavr/bin/../lib/gcc/avr/4.3.3/../../../../avr/lib/avr5\libc.a(eewr_byte_atmega32.o)
                0x0000284a                __eewr_r18_m32
                0x00002848                __eewr_byte_m32
                0x00002862                . = ALIGN (0x2)
 *(.fini9)
 .fini9         0x00002862        0x0 d:/program files/winavr/bin/../lib/gcc/avr/4.3.3/avr5\libgcc.a(_exit.o)
                0x00002862                exit
                0x00002862                _exit
 *(.fini9)
 *(.fini8)
 *(.fini8)
 *(.fini7)
 *(.fini7)
 *(.fini6)
 *(.fini6)
 *(.fini5)
 *(.fini5)
 *(.fini4)
 *(.fini4)
 *(.fini3)
 *(.fini3)
 *(.fini2)
 *(.fini2)
 *(.fini1)
 *(.fini1)
 *(.fini0)
 .fini0         0x00002862        0x4 d:/program files/winavr/bin/../lib/gcc/avr/4.3.3/avr5\libgcc.a(_exit.o)
 *(.fini0)
                0x00002866                _etext = .

.data           0x00800060       0xd6 load address 0x00002866
                0x00800060                PROVIDE (__data_start, .)
 *(.data)
 .data          0x00800060        0x0 d:/program files/winavr/bin/../lib/gcc/avr/4.3.3/../../../../avr/lib/avr5/crtm32.o
 .data          0x00800060        0x0 SCCB.o
 .data          0x00800060       0x39 ov7670.o
 .data          0x00800099        0x0 int.o
 .data          0x00800099       0x93 main.o
 .data          0x0080012c        0x0 mmc_sd.o
 .data          0x0080012c        0x4 FAT.o
                0x0080012e                FAT_WriteSector
                0x0080012c                FAT_ReadSector
 .data          0x00800130        0x0 lcd.o
 .data          0x00800130        0x0 d:/program files/winavr/bin/../lib/gcc/avr/4.3.3/avr5\libgcc.a(_mulsi3.o)
 .data          0x00800130        0x0 d:/program files/winavr/bin/../lib/gcc/avr/4.3.3/avr5\libgcc.a(_exit.o)
 .data          0x00800130        0x0 d:/program files/winavr/bin/../lib/gcc/avr/4.3.3/avr5\libgcc.a(_copy_data.o)
 .data          0x00800130        0x0 d:/program files/winavr/bin/../lib/gcc/avr/4.3.3/avr5\libgcc.a(_clear_bss.o)
 .data          0x00800130        0x6 d:/program files/winavr/bin/../lib/gcc/avr/4.3.3/../../../../avr/lib/avr5\libc.a(malloc.o)
                0x00800132                __malloc_heap_start
                0x00800134                __malloc_heap_end
                0x00800130                __malloc_margin
 .data          0x00800136        0x0 d:/program files/winavr/bin/../lib/gcc/avr/4.3.3/../../../../avr/lib/avr5\libc.a(eerd_byte_atmega32.o)
 .data          0x00800136        0x0 d:/program files/winavr/bin/../lib/gcc/avr/4.3.3/../../../../avr/lib/avr5\libc.a(eewr_byte_atmega32.o)
 *(.data*)
 *(.rodata)
 *(.rodata*)
 *(.gnu.linkonce.d*)
                0x00800136                . = ALIGN (0x2)
                0x00800136                _edata = .
                0x00800136                PROVIDE (__data_end, .)

.bss            0x00800136       0x37
                0x00800136                PROVIDE (__bss_start, .)
 *(.bss)
 .bss           0x00800136        0x0 d:/program files/winavr/bin/../lib/gcc/avr/4.3.3/../../../../avr/lib/avr5/crtm32.o
 .bss           0x00800136        0x0 SCCB.o
 .bss           0x00800136        0x0 ov7670.o
 .bss           0x00800136        0x1 int.o
                0x00800136                val1
 .bss           0x00800137        0x4 main.o
                0x00800139                image_all
                0x00800137                image_count
 .bss           0x0080013b        0x0 mmc_sd.o
 .bss           0x0080013b        0x0 FAT.o
 .bss           0x0080013b        0x0 lcd.o
 .bss           0x0080013b        0x0 d:/program files/winavr/bin/../lib/gcc/avr/4.3.3/avr5\libgcc.a(_mulsi3.o)
 .bss           0x0080013b        0x0 d:/program files/winavr/bin/../lib/gcc/avr/4.3.3/avr5\libgcc.a(_exit.o)
 .bss           0x0080013b        0x0 d:/program files/winavr/bin/../lib/gcc/avr/4.3.3/avr5\libgcc.a(_copy_data.o)
 .bss           0x0080013b        0x0 d:/program files/winavr/bin/../lib/gcc/avr/4.3.3/avr5\libgcc.a(_clear_bss.o)
 .bss           0x0080013b        0x0 d:/program files/winavr/bin/../lib/gcc/avr/4.3.3/../../../../avr/lib/avr5\libc.a(malloc.o)
 .bss           0x0080013b        0x0 d:/program files/winavr/bin/../lib/gcc/avr/4.3.3/../../../../avr/lib/avr5\libc.a(eerd_byte_atmega32.o)
 .bss           0x0080013b        0x0 d:/program files/winavr/bin/../lib/gcc/avr/4.3.3/../../../../avr/lib/avr5\libc.a(eewr_byte_atmega32.o)
 *(.bss*)
 *(COMMON)
 COMMON         0x0080013b       0x2e FAT.o
                0x0080013b                FirstDirSector
                0x0080013f                RootDirCount
                0x00800143                SectorsPerClust
                0x00800145                FirstDataSector
                0x00800149                FirstFATSector
                0x0080014d                FileInfo
                0x0080015c                FAT32_Enable
                0x0080015d                FATsectors
                0x0080015f                RootDirSectors
                0x00800163                BytesPerSector
                0x00800165                FirstDirClust
 COMMON         0x00800169        0x4 d:/program files/winavr/bin/../lib/gcc/avr/4.3.3/../../../../avr/lib/avr5\libc.a(malloc.o)
                0x00800169                __brkval
                0x0080016b                __flp
                0x0080016d                PROVIDE (__bss_end, .)
                0x00002866                __data_load_start = LOADADDR (.data)
                0x0000293c                __data_load_end = (__data_load_start + SIZEOF (.data))

.noinit         0x0080016d        0x0
                0x0080016d                PROVIDE (__noinit_start, .)
 *(.noinit*)
                0x0080016d                PROVIDE (__noinit_end, .)
                0x0080016d                _end = .
                0x0080016d                PROVIDE (__heap_start, .)

.eeprom         0x00810000        0x0
 *(.eeprom*)
                0x00810000                __eeprom_end = .

.fuse
 *(.fuse)
 *(.lfuse)
 *(.hfuse)
 *(.efuse)

.lock
 *(.lock*)

.signature
 *(.signature*)

.stab
 *(.stab)

.stabstr
 *(.stabstr)

.stab.excl
 *(.stab.excl)

.stab.exclstr
 *(.stab.exclstr)

.stab.index
 *(.stab.index)

.stab.indexstr
 *(.stab.indexstr)

.comment
 *(.comment)

.debug
 *(.debug)

.line
 *(.line)

.debug_srcinfo
 *(.debug_srcinfo)

.debug_sfnames
 *(.debug_sfnames)

.debug_aranges  0x00000000       0xe0
 *(.debug_aranges)
 .debug_aranges
                0x00000000       0x20 SCCB.o
 .debug_aranges
                0x00000020       0x20 ov7670.o
 .debug_aranges
                0x00000040       0x20 int.o
 .debug_aranges
                0x00000060       0x20 main.o
 .debug_aranges
                0x00000080       0x20 mmc_sd.o
 .debug_aranges
                0x000000a0       0x20 FAT.o
 .debug_aranges
                0x000000c0       0x20 lcd.o

.debug_pubnames
                0x00000000      0x4ae
 *(.debug_pubnames)
 .debug_pubnames
                0x00000000       0x67 SCCB.o
 .debug_pubnames
                0x00000067       0x51 ov7670.o
 .debug_pubnames
                0x000000b8       0x38 int.o
 .debug_pubnames
                0x000000f0       0x48 main.o
 .debug_pubnames
                0x00000138       0xd1 mmc_sd.o
 .debug_pubnames
                0x00000209      0x1a3 FAT.o
 .debug_pubnames
                0x000003ac      0x102 lcd.o

.debug_info     0x00000000     0x1ae2
 *(.debug_info)
 .debug_info    0x00000000      0x127 SCCB.o
 .debug_info    0x00000127      0x1ab ov7670.o
 .debug_info    0x000002d2       0x9d int.o
 .debug_info    0x0000036f      0x37d main.o
 .debug_info    0x000006ec      0x5f1 mmc_sd.o
 .debug_info    0x00000cdd      0x93b FAT.o
 .debug_info    0x00001618      0x4ca lcd.o
 *(.gnu.linkonce.wi.*)

.debug_abbrev   0x00000000      0x7f4
 *(.debug_abbrev)
 .debug_abbrev  0x00000000       0x92 SCCB.o
 .debug_abbrev  0x00000092       0xd8 ov7670.o
 .debug_abbrev  0x0000016a       0x57 int.o
 .debug_abbrev  0x000001c1      0x114 main.o
 .debug_abbrev  0x000002d5      0x1ca mmc_sd.o
 .debug_abbrev  0x0000049f      0x1b3 FAT.o
 .debug_abbrev  0x00000652      0x1a2 lcd.o

.debug_line     0x00000000     0x1b36
 *(.debug_line)
 .debug_line    0x00000000      0x26d SCCB.o
 .debug_line    0x0000026d      0x205 ov7670.o
 .debug_line    0x00000472      0x117 int.o
 .debug_line    0x00000589      0x316 main.o
 .debug_line    0x0000089f      0x704 mmc_sd.o
 .debug_line    0x00000fa3      0x52a FAT.o
 .debug_line    0x000014cd      0x669 lcd.o

.debug_frame    0x00000000      0x350
 *(.debug_frame)
 .debug_frame   0x00000000       0x70 SCCB.o
 .debug_frame   0x00000070       0x40 ov7670.o
 .debug_frame   0x000000b0       0x30 int.o
 .debug_frame   0x000000e0       0x30 main.o
 .debug_frame   0x00000110       0xb0 mmc_sd.o
 .debug_frame   0x000001c0       0xa0 FAT.o
 .debug_frame   0x00000260       0xf0 lcd.o

.debug_str      0x00000000      0x7be
 *(.debug_str)
 .debug_str     0x00000000       0xe3 SCCB.o
                                0x117 (size before relaxing)
 .debug_str     0x000000e3       0x77 ov7670.o
                                0x13e (size before relaxing)
 .debug_str     0x0000015a       0x20 int.o
                                 0xe7 (size before relaxing)
 .debug_str     0x0000017a      0x153 main.o
                                0x249 (size before relaxing)
 .debug_str     0x000002cd       0xa0 mmc_sd.o
                                0x189 (size before relaxing)
 .debug_str     0x0000036d      0x363 FAT.o
                                0x545 (size before relaxing)
 .debug_str     0x000006d0       0xee lcd.o
                                0x1f5 (size before relaxing)

.debug_loc      0x00000000     0x103b
 *(.debug_loc)
 .debug_loc     0x00000000       0x54 SCCB.o
 .debug_loc     0x00000054       0xa8 ov7670.o
 .debug_loc     0x000000fc      0x169 main.o
 .debug_loc     0x00000265      0x2ed mmc_sd.o
 .debug_loc     0x00000552      0x647 FAT.o
 .debug_loc     0x00000b99      0x4a2 lcd.o

.debug_macinfo
 *(.debug_macinfo)
OUTPUT(main.elf elf32-avr)
LOAD linker stubs

.debug_ranges   0x00000000       0xa8
 .debug_ranges  0x00000000       0xa8 mmc_sd.o

Cross Reference Table

Symbol                                            File
BytesPerSector                                    FAT.o
CopyDirentruyItem                                 FAT.o
FAT32_Enable                                      FAT.o
                                                  main.o
FAT_Init                                          FAT.o
                                                  main.o
FAT_LoadPartCluster                               FAT.o
                                                  main.o
FAT_NextCluster                                   FAT.o
                                                  main.o
FAT_ReadSector                                    FAT.o
FAT_WriteSector                                   FAT.o
FATsectors                                        FAT.o
FileInfo                                          FAT.o
FirstDataSector                                   FAT.o
FirstDirClust                                     FAT.o
FirstDirSector                                    FAT.o
FirstFATSector                                    FAT.o
GUI_Point                                         lcd.o
GetFolderCluster                                  FAT.o
InitSCCB                                          SCCB.o
                                                  ov7670.o
Init_INT0                                         int.o
LCD_Clear                                         lcd.o
LCD_Init                                          lcd.o
                                                  main.o
LCD_SetCursor                                     lcd.o
LCD_WR_DATA16                                     lcd.o
                                                  main.o
LCD_WR_REG                                        lcd.o
                                                  main.o
                                                  int.o
LCD_WR_REG16                                      lcd.o
                                                  main.o
                                                  int.o
LCD_write_SUM                                     lcd.o
LCD_write_english                                 lcd.o
LCD_write_english_string                          lcd.o
                                                  main.o
                                                  ov7670.o
Lcd_SetBox                                        lcd.o
MMC_SD_Init                                       mmc_sd.o
                                                  main.o
MMC_SD_ReadCapacity                               mmc_sd.o
                                                  FAT.o
MMC_SD_ReadSingleBlock                            mmc_sd.o
                                                  FAT.o
MMC_SD_Reset                                      mmc_sd.o
                                                  main.o
MMC_SD_SendCommand                                mmc_sd.o
MMC_SD_WriteSingleBlock                           mmc_sd.o
                                                  FAT.o
OV7670_init                                       ov7670.o
RootDirCount                                      FAT.o
RootDirSectors                                    FAT.o
SCCBreadByte                                      SCCB.o
                                                  ov7670.o
SCCBwriteByte                                     SCCB.o
                                                  ov7670.o
SPI_High                                          mmc_sd.o
SPI_Init                                          mmc_sd.o
SPI_Low                                           mmc_sd.o
SPI_WriteByte                                     mmc_sd.o
Search                                            FAT.o
                                                  main.o
SearchFolder                                      FAT.o
SearchInit                                        FAT.o
                                                  main.o
SectorsPerClust                                   FAT.o
                                                  main.o
Test                                              lcd.o
WriteFolderCluster                                FAT.o
__bad_interrupt                                   d:/program files/winavr/bin/../lib/gcc/avr/4.3.3/../../../../avr/lib/avr5/crtm32.o
__brkval                                          d:/program files/winavr/bin/../lib/gcc/avr/4.3.3/../../../../avr/lib/avr5\libc.a(malloc.o)
__bss_end                                         d:/program files/winavr/bin/../lib/gcc/avr/4.3.3/avr5\libgcc.a(_clear_bss.o)
__bss_start                                       d:/program files/winavr/bin/../lib/gcc/avr/4.3.3/avr5\libgcc.a(_clear_bss.o)
__data_end                                        d:/program files/winavr/bin/../lib/gcc/avr/4.3.3/avr5\libgcc.a(_copy_data.o)
__data_load_start                                 d:/program files/winavr/bin/../lib/gcc/avr/4.3.3/avr5\libgcc.a(_copy_data.o)
__data_start                                      d:/program files/winavr/bin/../lib/gcc/avr/4.3.3/avr5\libgcc.a(_copy_data.o)
__do_clear_bss                                    d:/program files/winavr/bin/../lib/gcc/avr/4.3.3/avr5\libgcc.a(_clear_bss.o)
                                                  d:/program files/winavr/bin/../lib/gcc/avr/4.3.3/../../../../avr/lib/avr5\libc.a(malloc.o)
                                                  FAT.o
                                                  main.o
                                                  int.o
__do_copy_data                                    d:/program files/winavr/bin/../lib/gcc/avr/4.3.3/avr5\libgcc.a(_copy_data.o)
                                                  d:/program files/winavr/bin/../lib/gcc/avr/4.3.3/../../../../avr/lib/avr5\libc.a(malloc.o)
                                                  FAT.o
                                                  main.o
                                                  ov7670.o
__eerd_byte_m32                                   d:/program files/winavr/bin/../lib/gcc/avr/4.3.3/../../../../avr/lib/avr5\libc.a(eerd_byte_atmega32.o)
                                                  FAT.o
__eewr_byte_m32                                   d:/program files/winavr/bin/../lib/gcc/avr/4.3.3/../../../../avr/lib/avr5\libc.a(eewr_byte_atmega32.o)
                                                  FAT.o
__eewr_r18_m32                                    d:/program files/winavr/bin/../lib/gcc/avr/4.3.3/../../../../avr/lib/avr5\libc.a(eewr_byte_atmega32.o)
__flp                                             d:/program files/winavr/bin/../lib/gcc/avr/4.3.3/../../../../avr/lib/avr5\libc.a(malloc.o)
__heap_end                                        d:/program files/winavr/bin/../lib/gcc/avr/4.3.3/../../../../avr/lib/avr5/crtm32.o
                                                  d:/program files/winavr/bin/../lib/gcc/avr/4.3.3/../../../../avr/lib/avr5\libc.a(malloc.o)
__heap_start                                      d:/program files/winavr/bin/../lib/gcc/avr/4.3.3/../../../../avr/lib/avr5\libc.a(malloc.o)
__init                                            d:/program files/winavr/bin/../lib/gcc/avr/4.3.3/../../../../avr/lib/avr5/crtm32.o
__malloc_heap_end                                 d:/program files/winavr/bin/../lib/gcc/avr/4.3.3/../../../../avr/lib/avr5\libc.a(malloc.o)
__malloc_heap_start                               d:/program files/winavr/bin/../lib/gcc/avr/4.3.3/../../../../avr/lib/avr5\libc.a(malloc.o)
__malloc_margin                                   d:/program files/winavr/bin/../lib/gcc/avr/4.3.3/../../../../avr/lib/avr5\libc.a(malloc.o)
__mulsi3                                          d:/program files/winavr/bin/../lib/gcc/avr/4.3.3/avr5\libgcc.a(_mulsi3.o)
                                                  FAT.o
                                                  mmc_sd.o
__stack                                           d:/program files/winavr/bin/../lib/gcc/avr/4.3.3/../../../../avr/lib/avr5/crtm32.o
__vector_1                                        int.o
                                                  d:/program files/winavr/bin/../lib/gcc/avr/4.3.3/../../../../avr/lib/avr5/crtm32.o
__vector_10                                       d:/program files/winavr/bin/../lib/gcc/avr/4.3.3/../../../../avr/lib/avr5/crtm32.o
__vector_11                                       d:/program files/winavr/bin/../lib/gcc/avr/4.3.3/../../../../avr/lib/avr5/crtm32.o
__vector_12                                       d:/program files/winavr/bin/../lib/gcc/avr/4.3.3/../../../../avr/lib/avr5/crtm32.o
__vector_13                                       d:/program files/winavr/bin/../lib/gcc/avr/4.3.3/../../../../avr/lib/avr5/crtm32.o
__vector_14                                       d:/program files/winavr/bin/../lib/gcc/avr/4.3.3/../../../../avr/lib/avr5/crtm32.o
__vector_15                                       d:/program files/winavr/bin/../lib/gcc/avr/4.3.3/../../../../avr/lib/avr5/crtm32.o
__vector_16                                       d:/program files/winavr/bin/../lib/gcc/avr/4.3.3/../../../../avr/lib/avr5/crtm32.o
__vector_17                                       d:/program files/winavr/bin/../lib/gcc/avr/4.3.3/../../../../avr/lib/avr5/crtm32.o
__vector_18                                       d:/program files/winavr/bin/../lib/gcc/avr/4.3.3/../../../../avr/lib/avr5/crtm32.o
__vector_19                                       d:/program files/winavr/bin/../lib/gcc/avr/4.3.3/../../../../avr/lib/avr5/crtm32.o
__vector_2                                        d:/program files/winavr/bin/../lib/gcc/avr/4.3.3/../../../../avr/lib/avr5/crtm32.o
__vector_20                                       d:/program files/winavr/bin/../lib/gcc/avr/4.3.3/../../../../avr/lib/avr5/crtm32.o
__vector_3                                        d:/program files/winavr/bin/../lib/gcc/avr/4.3.3/../../../../avr/lib/avr5/crtm32.o
__vector_4                                        d:/program files/winavr/bin/../lib/gcc/avr/4.3.3/../../../../avr/lib/avr5/crtm32.o
__vector_5                                        d:/program files/winavr/bin/../lib/gcc/avr/4.3.3/../../../../avr/lib/avr5/crtm32.o
__vector_6                                        d:/program files/winavr/bin/../lib/gcc/avr/4.3.3/../../../../avr/lib/avr5/crtm32.o
__vector_7                                        d:/program files/winavr/bin/../lib/gcc/avr/4.3.3/../../../../avr/lib/avr5/crtm32.o
__vector_8                                        d:/program files/winavr/bin/../lib/gcc/avr/4.3.3/../../../../avr/lib/avr5/crtm32.o
__vector_9                                        d:/program files/winavr/bin/../lib/gcc/avr/4.3.3/../../../../avr/lib/avr5/crtm32.o
__vector_default                                  d:/program files/winavr/bin/../lib/gcc/avr/4.3.3/../../../../avr/lib/avr5/crtm32.o
__vectors                                         d:/program files/winavr/bin/../lib/gcc/avr/4.3.3/../../../../avr/lib/avr5/crtm32.o
_exit                                             d:/program files/winavr/bin/../lib/gcc/avr/4.3.3/avr5\libgcc.a(_exit.o)
change_reg                                        ov7670.o
delay_ms                                          lcd.o
                                                  main.o
                                                  ov7670.o
delay_us                                          lcd.o
                                                  ov7670.o
                                                  SCCB.o
disp_image                                        main.o
english                                           lcd.o
exit                                              d:/program files/winavr/bin/../lib/gcc/avr/4.3.3/avr5\libgcc.a(_exit.o)
                                                  d:/program files/winavr/bin/../lib/gcc/avr/4.3.3/../../../../avr/lib/avr5/crtm32.o
free                                              d:/program files/winavr/bin/../lib/gcc/avr/4.3.3/../../../../avr/lib/avr5\libc.a(malloc.o)
                                                  FAT.o
                                                  main.o
image_all                                         main.o
image_count                                       main.o
main                                              main.o
                                                  d:/program files/winavr/bin/../lib/gcc/avr/4.3.3/../../../../avr/lib/avr5/crtm32.o
malloc                                            d:/program files/winavr/bin/../lib/gcc/avr/4.3.3/../../../../avr/lib/avr5\libc.a(malloc.o)
                                                  FAT.o
                                                  main.o
noAck                                             SCCB.o
                                                  ov7670.o
rdOV7670Reg                                       ov7670.o
startSCCB                                         SCCB.o
                                                  ov7670.o
stopSCCB                                          SCCB.o
                                                  ov7670.o
val1                                              int.o
wrOV7670Reg                                       ov7670.o
